{
    "action": "edited",
    "issue": {
        "url": "https://api.github.com/repos/tkeydll/webhook-test/issues/1",
        "id": 2850845393,
        "title": "テストIssue",
        "user": {
            "login": "tkeydll"
        },
        "labels": [
            {
                "description": "Good for newcomers"
            }
        ],
        "state": "open",
        "assignees": [
            {
                "login": "tkeydll"
            }
        ],
        "milestone": null,
        "created_at": "2025-02-13T12:04:38Z",
        "updated_at": "2025-03-02T08:10:40Z",
        "closed_at": null,
        "body": "これはテストです。\n\nEdit Issue"
    },
    "changes": {
        "body": {
            "from": "これはテストです。\n"
        }
    },
    "id": "20ecdb35-dc4f-410c-9b5d-825d6e8bd61b"
}