{
    "action": "edited",
    "changes": {
        "body": {
            "from": "ああああ"
        }
    },
    "issue": {
        "url": "https://api.github.com/repos/tkeydll/webhook-test/issues/1",
        "id": 2850845393,
        "title": "テストIssue",
        "user": {
            "login": "tkeydll"
        },
        "labels": [
            {
                "description": "Good for newcomers"
            }
        ],
        "state": "open",
        "assignees": [
            {
                "login": "tkeydll"
            }
        ],
        "milestone": null,
        "created_at": "2025-02-13T12:04:38Z",
        "updated_at": "2025-03-09T07:42:49Z",
        "closed_at": null,
        "body": "これはテストです。\n\nEdit Issue"
    },
    "comment": {
        "url": "https://api.github.com/repos/tkeydll/webhook-test/issues/comments/2708715270",
        "id": 2708715270,
        "user": {
            "login": "tkeydll"
        },
        "created_at": "2025-03-09T07:33:47Z",
        "updated_at": "2025-03-09T07:42:49Z",
        "body": "ああああやばい！"
    },
    "id": "1c149e40-e1e7-435e-8864-de778e060279"
 }