{
    "action": "opened",
    "pull_request": {
        "url": "https://api.github.com/repos/tkeydll/webhook-test/pulls/2",
        "id": 2366543491,
        "state": "open",
        "title": "#1 プルリクエストのテスト",
        "user": {
            "login": "tkeydll"
        },
        "body": "New",
        "created_at": "2025-03-02T08:24:30Z",
        "updated_at": "2025-03-02T08:24:30Z",
        "closed_at": null,
        "merged_at": null,
        "assignees": [],
        "requested_reviewers": [],
        "labels": [],
        "milestone": null
    },
    "id": "e2d12834-1cd8-4895-9749-26ecdbb4dd86"
}