{
    "action": "push",
    "ref": "refs/heads/feature/#1_test",
    "before": "0000000000000000000000000000000000000000",
    "after": "a568d921cdac83a6d4e56ae7e31165b7f9033741",
    "pusher": {
        "name": "tkeydll",
        "email": "tkey.dll@gmail.com"
    },
    "created": true,
    "deleted": false,
    "forced": false,
    "compare": "https://github.com/tkeydll/webhook-test/commit/a568d921cdac",
    "commits": [
        {
            "id": "a568d921cdac83a6d4e56ae7e31165b7f9033741",
            "tree_id": "8e712bb8f2b038bff85c4f9220138682ca935519",
            "distinct": true,
            "message": "edit",
            "timestamp": "2025-03-02T08:23:08+00:00",
            "url": "https://github.com/tkeydll/webhook-test/commit/a568d921cdac83a6d4e56ae7e31165b7f9033741",
            "author": {
                "name": "ta",
                "email": "tkey.dll@gmail.com",
                "username": "tkeydll"
            },
            "committer": {
                "name": "ta",
                "email": "tkey.dll@gmail.com",
                "username": "tkeydll"
            },
            "added": [],
            "removed": [],
            "modified": [
                "README.md"
            ]
        }
    ],
    "id": "007f3632-2b64-4b3b-a47c-f2b2b7b31777"
}